// Jest Snapshot v1, https://goo.gl/fbAQLP

exports[`IO stuff error handler throws if called 1`] = `"Error test"`;
